cpanel/bin/leechprotect
cpanel/bin/leechprotectinstall
cpanel/bin/leechprotectpass
cpanel/bin/updateleechprotect
cpanel/bin/boxtrapper
cpanel/etc/leechprotect.sql.in
cpanel/etc/exim/
cpanel/etc/exim/cf/
cpanel/etc/exim/cf/virtual_userdelivery
cpanel/etc/exim/cf/localuser
cpanel/etc/exim/cf/virtual_user
cpanel/etc/exim/perl/
cpanel/etc/exim/perl/boxtrapper
cpanel/etc/boxtrapper/forms/
cpanel/etc/boxtrapper/forms/blacklist.txt
cpanel/etc/boxtrapper/forms/returnverify.txt
cpanel/etc/boxtrapper/forms/verify.txt
cpanel/base/webmailboxtrapper.cgi
cpanel/base/frontend/x/cpanelpro/
cpanel/base/frontend/x/cpanelpro/CVS/
cpanel/base/frontend/x/cpanelpro/CVS/Repository
cpanel/base/frontend/x/cpanelpro/CVS/Entries
cpanel/base/frontend/x/cpanelpro/CVS/Root
cpanel/base/frontend/x/cpanelpro/images
cpanel/base/frontend/x/cpanelpro/changestatus.html
cpanel/base/frontend/x/cpanelpro/blacklist.html
cpanel/base/frontend/x/cpanelpro/bluelagoon.html
cpanel/base/frontend/x/cpanelpro/boxtrapper.html
cpanel/base/frontend/x/cpanelpro/delleech.html
cpanel/base/frontend/x/cpanelpro/conf.html
cpanel/base/frontend/x/cpanelpro/convert.html
cpanel/base/frontend/x/cpanelpro/filelist-convert.html
cpanel/base/frontend/x/cpanelpro/doconvert.html
cpanel/base/frontend/x/cpanelpro/dohtaccess.html
cpanel/base/frontend/x/cpanelpro/doleech.html
cpanel/base/frontend/x/cpanelpro/doscale.html
cpanel/base/frontend/x/cpanelpro/dothumbdir.html
cpanel/base/frontend/x/cpanelpro/editlists.html
cpanel/base/frontend/x/cpanelpro/editmsg.html
cpanel/base/frontend/x/cpanelpro/editmsgs.html
cpanel/base/frontend/x/cpanelpro/filelist-scale.html
cpanel/base/frontend/x/cpanelpro/filelist-thumbs.html
cpanel/base/frontend/x/cpanelpro/ignorelist.html
cpanel/base/frontend/x/cpanelpro/images.html
cpanel/base/frontend/x/cpanelpro/leechprotect.html
cpanel/base/frontend/x/cpanelpro/manage.html
cpanel/base/frontend/x/cpanelpro/msgaction.html
cpanel/base/frontend/x/cpanelpro/resetmsg.html
cpanel/base/frontend/x/cpanelpro/saveconf.html
cpanel/base/frontend/x/cpanelpro/savefile.html
cpanel/base/frontend/x/cpanelpro/scale.html
cpanel/base/frontend/x/cpanelpro/showlog.html
cpanel/base/frontend/x/cpanelpro/showmsg.html
cpanel/base/frontend/x/cpanelpro/showq.html
cpanel/base/frontend/x/cpanelpro/submitsupport.html
cpanel/base/frontend/x/cpanelpro/support.html
cpanel/base/frontend/x/cpanelpro/thumbdir.html
cpanel/base/frontend/x/cpanelpro/version
cpanel/base/frontend/x/cpanelpro/whitelist.html
cpanel/base/frontend/x/cpanelpro/x.html
cpanel/base/frontend/x/cpanelpro/xheader.html
cpanel/base/frontend/x/cpanelpro/xmail.html
cpanel/base/frontend/x2/cpanelpro
cpanel/whostmgr/addonsfeatures/cpanelpro
cpanel/whostmgr/docroot/cgi/addon_configsupport.cgi
cpanel/Cpanel/LeechProtect.pm
cpanel/Cpanel/SupportRequest.pm
cpanel/Cpanel/ImageManager.pm
cpanel/Cpanel/BoxTrapper.pm
